// Jest Snapshot v1, https://goo.gl/fbAQLP

exports[`App renders correctly 1`] = `
<div
  className="container"
>
  <h3
    className="header"
  >
    Welcome to TicTacToe Game
  </h3>
  <CreateGame
    gameInfo={
      Object {
        "boardSize": 3,
        "gameMode": 1,
        "language": null,
        "playerName": "",
        "symbol": "",
      }
    }
    onCreateGame={[Function]}
    onSelectLanguage={[Function]}
    setGameInfo={[Function]}
    translations={
      Object {
        "welcomeMessage": "Welcome to TicTacToe Game",
      }
    }
  />
</div>
`;
