// Jest Snapshot v1, https://goo.gl/fbAQLP

exports[`App renders correctly 1`] = `
<div
  className="container"
>
  <div
    className="header"
  >
    Welcome to TicTacToe Game
  </div>
</div>
`;
